-- Found ament_cmake: 1.3.11 (/opt/ros/humble/share/ament_cmake/cmake)
-- Found rclcpp: 16.0.11 (/opt/ros/humble/share/rclcpp/cmake)
-- Found rosidl_generator_c: 3.1.6 (/opt/ros/humble/share/rosidl_generator_c/cmake)
-- Found rosidl_adapter: 3.1.6 (/opt/ros/humble/share/rosidl_adapter/cmake)
-- Found rosidl_generator_cpp: 3.1.6 (/opt/ros/humble/share/rosidl_generator_cpp/cmake)
-- Using all available rosidl_typesupport_c: rosidl_typesupport_fastrtps_c;rosidl_typesupport_introspection_c
-- Using all available rosidl_typesupport_cpp: rosidl_typesupport_fastrtps_cpp;rosidl_typesupport_introspection_cpp
-- Found rmw_implementation_cmake: 6.1.2 (/opt/ros/humble/share/rmw_implementation_cmake/cmake)
-- Found rmw_fastrtps_cpp: 6.2.7 (/opt/ros/humble/share/rmw_fastrtps_cpp/cmake)
-- Using RMW implementation 'rmw_fastrtps_cpp' as default
-- Found rclcpp_action: 16.0.11 (/opt/ros/humble/share/rclcpp_action/cmake)
-- Found std_srvs: 4.2.4 (/opt/ros/humble/share/std_srvs/cmake)
-- Found geometry_msgs: 4.2.4 (/opt/ros/humble/share/geometry_msgs/cmake)
-- Found sensor_msgs: 4.2.4 (/opt/ros/humble/share/sensor_msgs/cmake)
-- Found nav_msgs: 4.2.4 (/opt/ros/humble/share/nav_msgs/cmake)
-- Found vision_msgs: 4.1.1 (/opt/ros/humble/share/vision_msgs/cmake)
-- Found robot_localization: 3.5.3 (/opt/ros/humble/share/robot_localization/cmake)
-- Found tf2: 0.25.12 (/opt/ros/humble/share/tf2/cmake)
-- Found tf2_ros: 0.25.12 (/opt/ros/humble/share/tf2_ros/cmake)
-- Found tf2_geometry_msgs: 0.25.12 (/opt/ros/humble/share/tf2_geometry_msgs/cmake)
-- Found eigen3_cmake_module: 0.1.1 (/opt/ros/humble/share/eigen3_cmake_module/cmake)
-- Ensuring Eigen3 include directory is part of orocos-kdl CMake target
-- Found behaviortree_cpp: 4.9.0 (/home/bobdobchob/osu-uwrt/development/software/install/behaviortree_cpp/share/behaviortree_cpp/cmake)
-- Found mercury_msgs: 0.0.0 (/home/bobdobchob/osu-uwrt/development/software/install/mercury_msgs/share/mercury_msgs/cmake)
-- Found ament_lint_auto: 0.12.11 (/opt/ros/humble/share/ament_lint_auto/cmake)
-- Found gtest sources under '/opt/ros/humble/src/gtest_vendor': C++ tests using 'Google Test' will be built
-- Added test 'cppcheck' to perform static code analysis on C / C++ code
-- Configured cppcheck include dirs: $<BUILD_INTERFACE:/home/bobdobchob/osu-uwrt/development/software/src/mercury_autonomy/mercury_autonomy/include>
-- Configured cppcheck exclude dirs and/or files: 
-- Added test 'flake8' to check Python code syntax and style conventions
-- Added test 'lint_cmake' to check CMake code style
-- Added test 'pep257' to check Python code against some of the docstring style conventions in PEP 257
-- Added test 'uncrustify' to check C / C++ code style
-- Configured uncrustify additional arguments: 
-- Added test 'xmllint' to check XML markup files
-- Configuring done
-- Generating done
-- Build files have been written to: /home/bobdobchob/osu-uwrt/development/software/src/mercury_autonomy/build/mercury_autonomy
[35m[1mConsolidate compiler generated dependencies of target gtest_main[0m
[35m[1mConsolidate compiler generated dependencies of target gtest[0m
[35m[1mConsolidate compiler generated dependencies of target mercury_autonomy_core[0m
[  2%] Built target gtest_main
[  4%] Built target gtest
[  8%] Built target mercury_autonomy_core
[35m[1mConsolidate compiler generated dependencies of target test_tree_executor[0m
[35m[1mConsolidate compiler generated dependencies of target tree_executor[0m
[35m[1mConsolidate compiler generated dependencies of target test_decorator_nodes[0m
[35m[1mConsolidate compiler generated dependencies of target mercury_bt_decorators[0m
[35m[1mConsolidate compiler generated dependencies of target test_approx_equal_to[0m
[35m[1mConsolidate compiler generated dependencies of target test_sensor_nodes[0m
[35m[1mConsolidate compiler generated dependencies of target test_topic_nodes[0m
[35m[1mConsolidate compiler generated dependencies of target test_transform_pose[0m
[35m[1mConsolidate compiler generated dependencies of target mercury_bt_conditions[0m
[35m[1mConsolidate compiler generated dependencies of target test_service_nodes[0m
[35m[1mConsolidate compiler generated dependencies of target test_publish_nodes[0m
[35m[1mConsolidate compiler generated dependencies of target test_condition_nodes[0m
[ 11%] Built target test_tree_executor
[35m[1mConsolidate compiler generated dependencies of target mercury_bt_actions[0m
[ 14%] Built target tree_executor
[ 17%] Built target test_decorator_nodes
[ 22%] Built target mercury_bt_decorators
[ 25%] Built target test_transform_pose
[ 29%] Built target test_approx_equal_to
[ 34%] Built target test_topic_nodes
[ 40%] Built target test_service_nodes
[ 45%] Built target test_sensor_nodes
[ 50%] Built target test_publish_nodes
[ 56%] Built target test_condition_nodes
[ 65%] Built target mercury_bt_conditions
[ 66%] [32mBuilding CXX object CMakeFiles/mercury_bt_actions.dir/src/bt_actions/get_covariance.cpp.o[0m
[ 67%] [32mBuilding CXX object CMakeFiles/mercury_bt_actions.dir/src/bt_actions/get_float64_topic.cpp.o[0m
[ 70%] [32mBuilding CXX object CMakeFiles/mercury_bt_actions.dir/src/bt_actions/compute_frame_alignment.cpp.o[0m
[ 70%] [32mBuilding CXX object CMakeFiles/mercury_bt_actions.dir/src/bt_actions/get_mapping_state.cpp.o[0m
[ 72%] [32mBuilding CXX object CMakeFiles/mercury_bt_actions.dir/src/bt_actions/publish_ekf_pose.cpp.o[0m
[ 72%] [32mBuilding CXX object CMakeFiles/mercury_bt_actions.dir/src/bt_actions/publish_int8.cpp.o[0m
[ 74%] [32mBuilding CXX object CMakeFiles/mercury_bt_actions.dir/src/bt_actions/publish_to_controller.cpp.o[0m
[ 75%] [32mBuilding CXX object CMakeFiles/mercury_bt_actions.dir/src/bt_actions/set_controller_safe_mode.cpp.o[0m
[ 76%] [32mBuilding CXX object CMakeFiles/mercury_bt_actions.dir/src/bt_actions/set_mapping_target.cpp.o[0m
[ 77%] [32mBuilding CXX object CMakeFiles/mercury_bt_actions.dir/src/bt_actions/trigger_controller_stunt.cpp.o[0m
[ 79%] [32mBuilding CXX object CMakeFiles/mercury_bt_actions.dir/src/bt_actions/set_status.cpp.o[0m
[ 80%] [32mBuilding CXX object CMakeFiles/mercury_bt_actions.dir/src/bt_actions/wait_for_detection.cpp.o[0m
[ 81%] [32mBuilding CXX object CMakeFiles/mercury_bt_actions.dir/src/bt_actions/wait.cpp.o[0m
[ 82%] [32mBuilding CXX object CMakeFiles/mercury_bt_actions.dir/src/register_actions.cpp.o[0m
[ 83%] [32m[1mLinking CXX shared library libmercury_bt_actions.so[0m
[ 97%] Built target mercury_bt_actions
[35m[1mConsolidate compiler generated dependencies of target test_legacy_action_nodes[0m
[ 98%] [32mBuilding CXX object CMakeFiles/test_legacy_action_nodes.dir/test/test_legacy_action_nodes.cpp.o[0m
[100%] [32m[1mLinking CXX executable test_legacy_action_nodes[0m
[100%] Built target test_legacy_action_nodes
-- Install configuration: ""
-- Up-to-date: /home/bobdobchob/osu-uwrt/development/software/src/mercury_autonomy/install/mercury_autonomy/lib/mercury_autonomy/tree_executor
-- Up-to-date: /home/bobdobchob/osu-uwrt/development/software/src/mercury_autonomy/install/mercury_autonomy/lib/libmercury_autonomy_core.so
-- Installing: /home/bobdobchob/osu-uwrt/development/software/src/mercury_autonomy/install/mercury_autonomy/lib/libmercury_bt_actions.so
-- Set runtime path of "/home/bobdobchob/osu-uwrt/development/software/src/mercury_autonomy/install/mercury_autonomy/lib/libmercury_bt_actions.so" to ""
-- Up-to-date: /home/bobdobchob/osu-uwrt/development/software/src/mercury_autonomy/install/mercury_autonomy/lib/libmercury_bt_conditions.so
-- Up-to-date: /home/bobdobchob/osu-uwrt/development/software/src/mercury_autonomy/install/mercury_autonomy/lib/libmercury_bt_decorators.so
-- Up-to-date: /home/bobdobchob/osu-uwrt/development/software/src/mercury_autonomy/install/mercury_autonomy/include
-- Up-to-date: /home/bobdobchob/osu-uwrt/development/software/src/mercury_autonomy/install/mercury_autonomy/include/mercury_autonomy
-- Up-to-date: /home/bobdobchob/osu-uwrt/development/software/src/mercury_autonomy/install/mercury_autonomy/include/mercury_autonomy/autonomy_lib.hpp
-- Up-to-date: /home/bobdobchob/osu-uwrt/development/software/src/mercury_autonomy/install/mercury_autonomy/include/mercury_autonomy/autonomy_base.hpp
-- Up-to-date: /home/bobdobchob/osu-uwrt/development/software/src/mercury_autonomy/install/mercury_autonomy/include/mercury_autonomy/bt_conditions
-- Up-to-date: /home/bobdobchob/osu-uwrt/development/software/src/mercury_autonomy/install/mercury_autonomy/include/mercury_autonomy/bt_conditions/example_condition.hpp
-- Up-to-date: /home/bobdobchob/osu-uwrt/development/software/src/mercury_autonomy/install/mercury_autonomy/include/mercury_autonomy/bt_conditions/approx_equal_to.hpp
-- Up-to-date: /home/bobdobchob/osu-uwrt/development/software/src/mercury_autonomy/install/mercury_autonomy/include/mercury_autonomy/bt_conditions/approx_equal_to_angle.hpp
-- Up-to-date: /home/bobdobchob/osu-uwrt/development/software/src/mercury_autonomy/install/mercury_autonomy/include/mercury_autonomy/bt_conditions/is_true.hpp
-- Up-to-date: /home/bobdobchob/osu-uwrt/development/software/src/mercury_autonomy/install/mercury_autonomy/include/mercury_autonomy/bt_conditions/compare_nums.hpp
-- Up-to-date: /home/bobdobchob/osu-uwrt/development/software/src/mercury_autonomy/install/mercury_autonomy/include/mercury_autonomy/bt_actions
-- Installing: /home/bobdobchob/osu-uwrt/development/software/src/mercury_autonomy/install/mercury_autonomy/include/mercury_autonomy/bt_actions/compute_frame_alignment.hpp
-- Up-to-date: /home/bobdobchob/osu-uwrt/development/software/src/mercury_autonomy/install/mercury_autonomy/include/mercury_autonomy/bt_actions/get_odometry.hpp
-- Up-to-date: /home/bobdobchob/osu-uwrt/development/software/src/mercury_autonomy/install/mercury_autonomy/include/mercury_autonomy/bt_actions/publish_twist.hpp
-- Up-to-date: /home/bobdobchob/osu-uwrt/development/software/src/mercury_autonomy/install/mercury_autonomy/include/mercury_autonomy/bt_actions/get_bool_topic.hpp
-- Up-to-date: /home/bobdobchob/osu-uwrt/development/software/src/mercury_autonomy/install/mercury_autonomy/include/mercury_autonomy/bt_actions/call_trigger_service.hpp
-- Up-to-date: /home/bobdobchob/osu-uwrt/development/software/src/mercury_autonomy/install/mercury_autonomy/include/mercury_autonomy/bt_actions/publish_bool.hpp
-- Installing: /home/bobdobchob/osu-uwrt/development/software/src/mercury_autonomy/install/mercury_autonomy/include/mercury_autonomy/bt_actions/get_mapping_state.hpp
-- Installing: /home/bobdobchob/osu-uwrt/development/software/src/mercury_autonomy/install/mercury_autonomy/include/mercury_autonomy/bt_actions/get_float64_topic.hpp
-- Installing: /home/bobdobchob/osu-uwrt/development/software/src/mercury_autonomy/install/mercury_autonomy/include/mercury_autonomy/bt_actions/wait.hpp
-- Up-to-date: /home/bobdobchob/osu-uwrt/development/software/src/mercury_autonomy/install/mercury_autonomy/include/mercury_autonomy/bt_actions/get_twist_topic.hpp
-- Up-to-date: /home/bobdobchob/osu-uwrt/development/software/src/mercury_autonomy/install/mercury_autonomy/include/mercury_autonomy/bt_actions/call_set_bool_service.hpp
-- Up-to-date: /home/bobdobchob/osu-uwrt/development/software/src/mercury_autonomy/install/mercury_autonomy/include/mercury_autonomy/bt_actions/get_imu_orientation.hpp
-- Installing: /home/bobdobchob/osu-uwrt/development/software/src/mercury_autonomy/install/mercury_autonomy/include/mercury_autonomy/bt_actions/set_status.hpp
-- Installing: /home/bobdobchob/osu-uwrt/development/software/src/mercury_autonomy/install/mercury_autonomy/include/mercury_autonomy/bt_actions/trigger_controller_stunt.hpp
-- Installing: /home/bobdobchob/osu-uwrt/development/software/src/mercury_autonomy/install/mercury_autonomy/include/mercury_autonomy/bt_actions/set_controller_safe_mode.hpp
-- Up-to-date: /home/bobdobchob/osu-uwrt/development/software/src/mercury_autonomy/install/mercury_autonomy/include/mercury_autonomy/bt_actions/transform_pose.hpp
-- Installing: /home/bobdobchob/osu-uwrt/development/software/src/mercury_autonomy/install/mercury_autonomy/include/mercury_autonomy/bt_actions/publish_to_controller.hpp
-- Installing: /home/bobdobchob/osu-uwrt/development/software/src/mercury_autonomy/install/mercury_autonomy/include/mercury_autonomy/bt_actions/wait_for_detection.hpp
-- Installing: /home/bobdobchob/osu-uwrt/development/software/src/mercury_autonomy/install/mercury_autonomy/include/mercury_autonomy/bt_actions/get_covariance.hpp
-- Up-to-date: /home/bobdobchob/osu-uwrt/development/software/src/mercury_autonomy/install/mercury_autonomy/include/mercury_autonomy/bt_actions/get_float_topic.hpp
-- Installing: /home/bobdobchob/osu-uwrt/development/software/src/mercury_autonomy/install/mercury_autonomy/include/mercury_autonomy/bt_actions/publish_int8.hpp
-- Installing: /home/bobdobchob/osu-uwrt/development/software/src/mercury_autonomy/install/mercury_autonomy/include/mercury_autonomy/bt_actions/set_mapping_target.hpp
-- Up-to-date: /home/bobdobchob/osu-uwrt/development/software/src/mercury_autonomy/install/mercury_autonomy/include/mercury_autonomy/bt_actions/example_action.hpp
-- Installing: /home/bobdobchob/osu-uwrt/development/software/src/mercury_autonomy/install/mercury_autonomy/include/mercury_autonomy/bt_actions/publish_ekf_pose.hpp
-- Up-to-date: /home/bobdobchob/osu-uwrt/development/software/src/mercury_autonomy/install/mercury_autonomy/include/mercury_autonomy/mercury_bt_node.hpp
-- Up-to-date: /home/bobdobchob/osu-uwrt/development/software/src/mercury_autonomy/install/mercury_autonomy/include/mercury_autonomy/bt_decorators
-- Up-to-date: /home/bobdobchob/osu-uwrt/development/software/src/mercury_autonomy/install/mercury_autonomy/include/mercury_autonomy/bt_decorators/example_decorator.hpp
-- Up-to-date: /home/bobdobchob/osu-uwrt/development/software/src/mercury_autonomy/install/mercury_autonomy/include/mercury_autonomy/bt_decorators/retry_until_successful_or_timeout.hpp
-- Up-to-date: /home/bobdobchob/osu-uwrt/development/software/src/mercury_autonomy/install/mercury_autonomy/include/mercury_autonomy/autonomy_util.hpp
-- Up-to-date: /home/bobdobchob/osu-uwrt/development/software/src/mercury_autonomy/install/mercury_autonomy/share/mercury_autonomy/trees
-- Up-to-date: /home/bobdobchob/osu-uwrt/development/software/src/mercury_autonomy/install/mercury_autonomy/share/mercury_autonomy/trees/action_server_demo.xml
-- Up-to-date: /home/bobdobchob/osu-uwrt/development/software/src/mercury_autonomy/install/mercury_autonomy/share/mercury_autonomy/trees/example_tree.xml
-- Up-to-date: /home/bobdobchob/osu-uwrt/development/software/src/mercury_autonomy/install/mercury_autonomy/share/mercury_autonomy/launch
-- Up-to-date: /home/bobdobchob/osu-uwrt/development/software/src/mercury_autonomy/install/mercury_autonomy/share/mercury_autonomy/launch/autonomy.launch.py
-- Up-to-date: /home/bobdobchob/osu-uwrt/development/software/src/mercury_autonomy/install/mercury_autonomy/share/ament_index/resource_index/package_run_dependencies/mercury_autonomy
-- Up-to-date: /home/bobdobchob/osu-uwrt/development/software/src/mercury_autonomy/install/mercury_autonomy/share/ament_index/resource_index/parent_prefix_path/mercury_autonomy
-- Up-to-date: /home/bobdobchob/osu-uwrt/development/software/src/mercury_autonomy/install/mercury_autonomy/share/mercury_autonomy/environment/ament_prefix_path.sh
-- Installing: /home/bobdobchob/osu-uwrt/development/software/src/mercury_autonomy/install/mercury_autonomy/share/mercury_autonomy/environment/ament_prefix_path.dsv
-- Up-to-date: /home/bobdobchob/osu-uwrt/development/software/src/mercury_autonomy/install/mercury_autonomy/share/mercury_autonomy/environment/path.sh
-- Installing: /home/bobdobchob/osu-uwrt/development/software/src/mercury_autonomy/install/mercury_autonomy/share/mercury_autonomy/environment/path.dsv
-- Up-to-date: /home/bobdobchob/osu-uwrt/development/software/src/mercury_autonomy/install/mercury_autonomy/share/mercury_autonomy/local_setup.bash
-- Up-to-date: /home/bobdobchob/osu-uwrt/development/software/src/mercury_autonomy/install/mercury_autonomy/share/mercury_autonomy/local_setup.sh
-- Up-to-date: /home/bobdobchob/osu-uwrt/development/software/src/mercury_autonomy/install/mercury_autonomy/share/mercury_autonomy/local_setup.zsh
-- Installing: /home/bobdobchob/osu-uwrt/development/software/src/mercury_autonomy/install/mercury_autonomy/share/mercury_autonomy/local_setup.dsv
-- Installing: /home/bobdobchob/osu-uwrt/development/software/src/mercury_autonomy/install/mercury_autonomy/share/mercury_autonomy/package.dsv
-- Up-to-date: /home/bobdobchob/osu-uwrt/development/software/src/mercury_autonomy/install/mercury_autonomy/share/ament_index/resource_index/packages/mercury_autonomy
-- Up-to-date: /home/bobdobchob/osu-uwrt/development/software/src/mercury_autonomy/install/mercury_autonomy/share/mercury_autonomy/cmake/mercury_autonomyConfig.cmake
-- Up-to-date: /home/bobdobchob/osu-uwrt/development/software/src/mercury_autonomy/install/mercury_autonomy/share/mercury_autonomy/cmake/mercury_autonomyConfig-version.cmake
-- Installing: /home/bobdobchob/osu-uwrt/development/software/src/mercury_autonomy/install/mercury_autonomy/share/mercury_autonomy/package.xml
