[0.007s] Invoking command in '/home/bobdobchob/osu-uwrt/development/software/src/mercury_autonomy/build/mercury_autonomy': CMAKE_PREFIX_PATH=${CMAKE_PREFIX_PATH}:/home/bobdobchob/osu-uwrt/development/software/install/mercury_launch:/home/bobdobchob/osu-uwrt/development/software/install/riptide_bringup2:/home/bobdobchob/osu-uwrt/development/software/install/remote_launch:/home/bobdobchob/osu-uwrt/development/software/src/install/riptide_bringup2:/home/bobdobchob/osu-uwrt/development/software/src/install/remote_launch:/opt/ros/humble /usr/bin/cmake --build /home/bobdobchob/osu-uwrt/development/software/src/mercury_autonomy/build/mercury_autonomy -- -j24 -l24
[0.025s] -- Found ament_cmake: 1.3.11 (/opt/ros/humble/share/ament_cmake/cmake)
[0.091s] -- Found rclcpp: 16.0.11 (/opt/ros/humble/share/rclcpp/cmake)
[0.102s] -- Found rosidl_generator_c: 3.1.6 (/opt/ros/humble/share/rosidl_generator_c/cmake)
[0.103s] -- Found rosidl_adapter: 3.1.6 (/opt/ros/humble/share/rosidl_adapter/cmake)
[0.106s] -- Found rosidl_generator_cpp: 3.1.6 (/opt/ros/humble/share/rosidl_generator_cpp/cmake)
[0.111s] -- Using all available rosidl_typesupport_c: rosidl_typesupport_fastrtps_c;rosidl_typesupport_introspection_c
[0.116s] -- Using all available rosidl_typesupport_cpp: rosidl_typesupport_fastrtps_cpp;rosidl_typesupport_introspection_cpp
[0.129s] -- Found rmw_implementation_cmake: 6.1.2 (/opt/ros/humble/share/rmw_implementation_cmake/cmake)
[0.130s] -- Found rmw_fastrtps_cpp: 6.2.7 (/opt/ros/humble/share/rmw_fastrtps_cpp/cmake)
[0.183s] -- Using RMW implementation 'rmw_fastrtps_cpp' as default
[0.202s] -- Found rclcpp_action: 16.0.11 (/opt/ros/humble/share/rclcpp_action/cmake)
[0.214s] -- Found std_srvs: 4.2.4 (/opt/ros/humble/share/std_srvs/cmake)
[0.218s] -- Found geometry_msgs: 4.2.4 (/opt/ros/humble/share/geometry_msgs/cmake)
[0.223s] -- Found sensor_msgs: 4.2.4 (/opt/ros/humble/share/sensor_msgs/cmake)
[0.230s] -- Found nav_msgs: 4.2.4 (/opt/ros/humble/share/nav_msgs/cmake)
[0.237s] -- Found vision_msgs: 4.1.1 (/opt/ros/humble/share/vision_msgs/cmake)
[0.243s] -- Found robot_localization: 3.5.3 (/opt/ros/humble/share/robot_localization/cmake)
[0.263s] -- Found tf2: 0.25.12 (/opt/ros/humble/share/tf2/cmake)
[0.265s] -- Found tf2_ros: 0.25.12 (/opt/ros/humble/share/tf2_ros/cmake)
[0.283s] -- Found tf2_geometry_msgs: 0.25.12 (/opt/ros/humble/share/tf2_geometry_msgs/cmake)
[0.284s] -- Found eigen3_cmake_module: 0.1.1 (/opt/ros/humble/share/eigen3_cmake_module/cmake)
[0.284s] -- Ensuring Eigen3 include directory is part of orocos-kdl CMake target
[0.285s] -- Found behaviortree_cpp: 4.9.0 (/home/bobdobchob/osu-uwrt/development/software/install/behaviortree_cpp/share/behaviortree_cpp/cmake)
[0.286s] -- Found mercury_msgs: 0.0.0 (/home/bobdobchob/osu-uwrt/development/software/install/mercury_msgs/share/mercury_msgs/cmake)
[0.331s] -- Found ament_lint_auto: 0.12.11 (/opt/ros/humble/share/ament_lint_auto/cmake)
[0.365s] -- Found gtest sources under '/opt/ros/humble/src/gtest_vendor': C++ tests using 'Google Test' will be built
[0.452s] -- Added test 'cppcheck' to perform static code analysis on C / C++ code
[0.452s] -- Configured cppcheck include dirs: $<BUILD_INTERFACE:/home/bobdobchob/osu-uwrt/development/software/src/mercury_autonomy/mercury_autonomy/include>
[0.452s] -- Configured cppcheck exclude dirs and/or files: 
[0.453s] -- Added test 'flake8' to check Python code syntax and style conventions
[0.453s] -- Added test 'lint_cmake' to check CMake code style
[0.453s] -- Added test 'pep257' to check Python code against some of the docstring style conventions in PEP 257
[0.456s] -- Added test 'uncrustify' to check C / C++ code style
[0.456s] -- Configured uncrustify additional arguments: 
[0.456s] -- Added test 'xmllint' to check XML markup files
[0.457s] -- Configuring done
[0.499s] -- Generating done
[0.515s] -- Build files have been written to: /home/bobdobchob/osu-uwrt/development/software/src/mercury_autonomy/build/mercury_autonomy
[0.532s] [35m[1mConsolidate compiler generated dependencies of target gtest_main[0m
[0.532s] [35m[1mConsolidate compiler generated dependencies of target gtest[0m
[0.533s] [35m[1mConsolidate compiler generated dependencies of target mercury_autonomy_core[0m
[0.538s] [  2%] Built target gtest_main
[0.538s] [  4%] Built target gtest
[0.542s] [  8%] Built target mercury_autonomy_core
[0.549s] [35m[1mConsolidate compiler generated dependencies of target tree_executor[0m
[0.549s] [35m[1mConsolidate compiler generated dependencies of target mercury_bt_decorators[0m
[0.549s] [35m[1mConsolidate compiler generated dependencies of target test_transform_pose[0m
[0.549s] [35m[1mConsolidate compiler generated dependencies of target test_approx_equal_to[0m
[0.550s] [35m[1mConsolidate compiler generated dependencies of target test_publish_nodes[0m
[0.550s] [35m[1mConsolidate compiler generated dependencies of target test_tree_executor[0m
[0.550s] [35m[1mConsolidate compiler generated dependencies of target test_topic_nodes[0m
[0.550s] [35m[1mConsolidate compiler generated dependencies of target test_condition_nodes[0m
[0.550s] [35m[1mConsolidate compiler generated dependencies of target test_sensor_nodes[0m
[0.550s] [35m[1mConsolidate compiler generated dependencies of target test_service_nodes[0m
[0.550s] [35m[1mConsolidate compiler generated dependencies of target test_decorator_nodes[0m
[0.551s] [35m[1mConsolidate compiler generated dependencies of target mercury_bt_conditions[0m
[0.558s] [35m[1mConsolidate compiler generated dependencies of target mercury_bt_actions[0m
[0.559s] [ 11%] Built target tree_executor
[0.565s] [ 13%] Built target test_tree_executor
[0.566s] [ 17%] Built target test_approx_equal_to
[0.568s] [ 20%] Built target test_transform_pose
[0.568s] [ 25%] Built target mercury_bt_decorators
[0.569s] [ 34%] Built target test_decorator_nodes
[0.569s] [ 34%] Built target test_publish_nodes
[0.570s] [ 44%] Built target test_topic_nodes
[0.570s] [ 44%] Built target test_service_nodes
[0.570s] [ 50%] Built target test_sensor_nodes
[0.572s] [ 56%] Built target test_condition_nodes
[0.572s] [ 65%] Built target mercury_bt_conditions
[0.596s] [ 66%] [32mBuilding CXX object CMakeFiles/mercury_bt_actions.dir/src/bt_actions/compute_frame_alignment.cpp.o[0m
[3.089s] [ 67%] [32m[1mLinking CXX shared library libmercury_bt_actions.so[0m
[4.735s] [ 97%] Built target mercury_bt_actions
[4.741s] [35m[1mConsolidate compiler generated dependencies of target test_legacy_action_nodes[0m
[4.752s] [ 98%] [32m[1mLinking CXX executable test_legacy_action_nodes[0m
[5.189s] [100%] Built target test_legacy_action_nodes
[5.207s] Invoked command in '/home/bobdobchob/osu-uwrt/development/software/src/mercury_autonomy/build/mercury_autonomy' returned '0': CMAKE_PREFIX_PATH=${CMAKE_PREFIX_PATH}:/home/bobdobchob/osu-uwrt/development/software/install/mercury_launch:/home/bobdobchob/osu-uwrt/development/software/install/riptide_bringup2:/home/bobdobchob/osu-uwrt/development/software/install/remote_launch:/home/bobdobchob/osu-uwrt/development/software/src/install/riptide_bringup2:/home/bobdobchob/osu-uwrt/development/software/src/install/remote_launch:/opt/ros/humble /usr/bin/cmake --build /home/bobdobchob/osu-uwrt/development/software/src/mercury_autonomy/build/mercury_autonomy -- -j24 -l24
[5.213s] Invoking command in '/home/bobdobchob/osu-uwrt/development/software/src/mercury_autonomy/build/mercury_autonomy': CMAKE_PREFIX_PATH=${CMAKE_PREFIX_PATH}:/home/bobdobchob/osu-uwrt/development/software/install/mercury_launch:/home/bobdobchob/osu-uwrt/development/software/install/riptide_bringup2:/home/bobdobchob/osu-uwrt/development/software/install/remote_launch:/home/bobdobchob/osu-uwrt/development/software/src/install/riptide_bringup2:/home/bobdobchob/osu-uwrt/development/software/src/install/remote_launch:/opt/ros/humble /usr/bin/cmake --install /home/bobdobchob/osu-uwrt/development/software/src/mercury_autonomy/build/mercury_autonomy
[5.217s] -- Install configuration: ""
[5.217s] -- Installing: /home/bobdobchob/osu-uwrt/development/software/src/mercury_autonomy/install/mercury_autonomy/lib/mercury_autonomy/tree_executor
[5.218s] -- Set runtime path of "/home/bobdobchob/osu-uwrt/development/software/src/mercury_autonomy/install/mercury_autonomy/lib/mercury_autonomy/tree_executor" to ""
[5.218s] -- Installing: /home/bobdobchob/osu-uwrt/development/software/src/mercury_autonomy/install/mercury_autonomy/lib/libmercury_autonomy_core.so
[5.218s] -- Set runtime path of "/home/bobdobchob/osu-uwrt/development/software/src/mercury_autonomy/install/mercury_autonomy/lib/libmercury_autonomy_core.so" to ""
[5.219s] -- Installing: /home/bobdobchob/osu-uwrt/development/software/src/mercury_autonomy/install/mercury_autonomy/lib/libmercury_bt_actions.so
[5.233s] -- Set runtime path of "/home/bobdobchob/osu-uwrt/development/software/src/mercury_autonomy/install/mercury_autonomy/lib/libmercury_bt_actions.so" to ""
[5.233s] -- Installing: /home/bobdobchob/osu-uwrt/development/software/src/mercury_autonomy/install/mercury_autonomy/lib/libmercury_bt_conditions.so
[5.233s] -- Set runtime path of "/home/bobdobchob/osu-uwrt/development/software/src/mercury_autonomy/install/mercury_autonomy/lib/libmercury_bt_conditions.so" to ""
[5.233s] -- Installing: /home/bobdobchob/osu-uwrt/development/software/src/mercury_autonomy/install/mercury_autonomy/lib/libmercury_bt_decorators.so
[5.233s] -- Set runtime path of "/home/bobdobchob/osu-uwrt/development/software/src/mercury_autonomy/install/mercury_autonomy/lib/libmercury_bt_decorators.so" to ""
[5.233s] -- Up-to-date: /home/bobdobchob/osu-uwrt/development/software/src/mercury_autonomy/install/mercury_autonomy/include
[5.233s] -- Up-to-date: /home/bobdobchob/osu-uwrt/development/software/src/mercury_autonomy/install/mercury_autonomy/include/mercury_autonomy
[5.233s] -- Installing: /home/bobdobchob/osu-uwrt/development/software/src/mercury_autonomy/install/mercury_autonomy/include/mercury_autonomy/autonomy_lib.hpp
[5.233s] -- Installing: /home/bobdobchob/osu-uwrt/development/software/src/mercury_autonomy/install/mercury_autonomy/include/mercury_autonomy/autonomy_base.hpp
[5.233s] -- Up-to-date: /home/bobdobchob/osu-uwrt/development/software/src/mercury_autonomy/install/mercury_autonomy/include/mercury_autonomy/bt_conditions
[5.233s] -- Installing: /home/bobdobchob/osu-uwrt/development/software/src/mercury_autonomy/install/mercury_autonomy/include/mercury_autonomy/bt_conditions/example_condition.hpp
[5.234s] -- Installing: /home/bobdobchob/osu-uwrt/development/software/src/mercury_autonomy/install/mercury_autonomy/include/mercury_autonomy/bt_conditions/approx_equal_to.hpp
[5.234s] -- Installing: /home/bobdobchob/osu-uwrt/development/software/src/mercury_autonomy/install/mercury_autonomy/include/mercury_autonomy/bt_conditions/approx_equal_to_angle.hpp
[5.234s] -- Installing: /home/bobdobchob/osu-uwrt/development/software/src/mercury_autonomy/install/mercury_autonomy/include/mercury_autonomy/bt_conditions/is_true.hpp
[5.234s] -- Installing: /home/bobdobchob/osu-uwrt/development/software/src/mercury_autonomy/install/mercury_autonomy/include/mercury_autonomy/bt_conditions/compare_nums.hpp
[5.234s] -- Up-to-date: /home/bobdobchob/osu-uwrt/development/software/src/mercury_autonomy/install/mercury_autonomy/include/mercury_autonomy/bt_actions
[5.234s] -- Installing: /home/bobdobchob/osu-uwrt/development/software/src/mercury_autonomy/install/mercury_autonomy/include/mercury_autonomy/bt_actions/compute_frame_alignment.hpp
[5.234s] -- Installing: /home/bobdobchob/osu-uwrt/development/software/src/mercury_autonomy/install/mercury_autonomy/include/mercury_autonomy/bt_actions/get_odometry.hpp
[5.234s] -- Installing: /home/bobdobchob/osu-uwrt/development/software/src/mercury_autonomy/install/mercury_autonomy/include/mercury_autonomy/bt_actions/publish_twist.hpp
[5.234s] -- Installing: /home/bobdobchob/osu-uwrt/development/software/src/mercury_autonomy/install/mercury_autonomy/include/mercury_autonomy/bt_actions/get_bool_topic.hpp
[5.234s] -- Installing: /home/bobdobchob/osu-uwrt/development/software/src/mercury_autonomy/install/mercury_autonomy/include/mercury_autonomy/bt_actions/call_trigger_service.hpp
[5.234s] -- Installing: /home/bobdobchob/osu-uwrt/development/software/src/mercury_autonomy/install/mercury_autonomy/include/mercury_autonomy/bt_actions/publish_bool.hpp
[5.234s] -- Installing: /home/bobdobchob/osu-uwrt/development/software/src/mercury_autonomy/install/mercury_autonomy/include/mercury_autonomy/bt_actions/get_mapping_state.hpp
[5.234s] -- Installing: /home/bobdobchob/osu-uwrt/development/software/src/mercury_autonomy/install/mercury_autonomy/include/mercury_autonomy/bt_actions/get_float64_topic.hpp
[5.234s] -- Installing: /home/bobdobchob/osu-uwrt/development/software/src/mercury_autonomy/install/mercury_autonomy/include/mercury_autonomy/bt_actions/wait.hpp
[5.234s] -- Installing: /home/bobdobchob/osu-uwrt/development/software/src/mercury_autonomy/install/mercury_autonomy/include/mercury_autonomy/bt_actions/get_twist_topic.hpp
[5.234s] -- Installing: /home/bobdobchob/osu-uwrt/development/software/src/mercury_autonomy/install/mercury_autonomy/include/mercury_autonomy/bt_actions/call_set_bool_service.hpp
[5.234s] -- Installing: /home/bobdobchob/osu-uwrt/development/software/src/mercury_autonomy/install/mercury_autonomy/include/mercury_autonomy/bt_actions/get_imu_orientation.hpp
[5.234s] -- Installing: /home/bobdobchob/osu-uwrt/development/software/src/mercury_autonomy/install/mercury_autonomy/include/mercury_autonomy/bt_actions/set_status.hpp
[5.234s] -- Installing: /home/bobdobchob/osu-uwrt/development/software/src/mercury_autonomy/install/mercury_autonomy/include/mercury_autonomy/bt_actions/trigger_controller_stunt.hpp
[5.234s] -- Installing: /home/bobdobchob/osu-uwrt/development/software/src/mercury_autonomy/install/mercury_autonomy/include/mercury_autonomy/bt_actions/set_controller_safe_mode.hpp
[5.234s] -- Installing: /home/bobdobchob/osu-uwrt/development/software/src/mercury_autonomy/install/mercury_autonomy/include/mercury_autonomy/bt_actions/transform_pose.hpp
[5.234s] -- Installing: /home/bobdobchob/osu-uwrt/development/software/src/mercury_autonomy/install/mercury_autonomy/include/mercury_autonomy/bt_actions/publish_to_controller.hpp
[5.234s] -- Installing: /home/bobdobchob/osu-uwrt/development/software/src/mercury_autonomy/install/mercury_autonomy/include/mercury_autonomy/bt_actions/wait_for_detection.hpp
[5.234s] -- Installing: /home/bobdobchob/osu-uwrt/development/software/src/mercury_autonomy/install/mercury_autonomy/include/mercury_autonomy/bt_actions/get_covariance.hpp
[5.234s] -- Installing: /home/bobdobchob/osu-uwrt/development/software/src/mercury_autonomy/install/mercury_autonomy/include/mercury_autonomy/bt_actions/get_float_topic.hpp
[5.234s] -- Installing: /home/bobdobchob/osu-uwrt/development/software/src/mercury_autonomy/install/mercury_autonomy/include/mercury_autonomy/bt_actions/publish_int8.hpp
[5.234s] -- Installing: /home/bobdobchob/osu-uwrt/development/software/src/mercury_autonomy/install/mercury_autonomy/include/mercury_autonomy/bt_actions/set_mapping_target.hpp
[5.234s] -- Installing: /home/bobdobchob/osu-uwrt/development/software/src/mercury_autonomy/install/mercury_autonomy/include/mercury_autonomy/bt_actions/example_action.hpp
[5.234s] -- Installing: /home/bobdobchob/osu-uwrt/development/software/src/mercury_autonomy/install/mercury_autonomy/include/mercury_autonomy/bt_actions/publish_ekf_pose.hpp
[5.234s] -- Installing: /home/bobdobchob/osu-uwrt/development/software/src/mercury_autonomy/install/mercury_autonomy/include/mercury_autonomy/mercury_bt_node.hpp
[5.234s] -- Up-to-date: /home/bobdobchob/osu-uwrt/development/software/src/mercury_autonomy/install/mercury_autonomy/include/mercury_autonomy/bt_decorators
[5.235s] -- Installing: /home/bobdobchob/osu-uwrt/development/software/src/mercury_autonomy/install/mercury_autonomy/include/mercury_autonomy/bt_decorators/example_decorator.hpp
[5.235s] -- Installing: /home/bobdobchob/osu-uwrt/development/software/src/mercury_autonomy/install/mercury_autonomy/include/mercury_autonomy/bt_decorators/retry_until_successful_or_timeout.hpp
[5.235s] -- Installing: /home/bobdobchob/osu-uwrt/development/software/src/mercury_autonomy/install/mercury_autonomy/include/mercury_autonomy/autonomy_util.hpp
[5.235s] -- Up-to-date: /home/bobdobchob/osu-uwrt/development/software/src/mercury_autonomy/install/mercury_autonomy/share/mercury_autonomy/trees
[5.235s] -- Installing: /home/bobdobchob/osu-uwrt/development/software/src/mercury_autonomy/install/mercury_autonomy/share/mercury_autonomy/trees/action_server_demo.xml
[5.235s] -- Installing: /home/bobdobchob/osu-uwrt/development/software/src/mercury_autonomy/install/mercury_autonomy/share/mercury_autonomy/trees/example_tree.xml
[5.235s] -- Up-to-date: /home/bobdobchob/osu-uwrt/development/software/src/mercury_autonomy/install/mercury_autonomy/share/mercury_autonomy/launch
[5.235s] -- Installing: /home/bobdobchob/osu-uwrt/development/software/src/mercury_autonomy/install/mercury_autonomy/share/mercury_autonomy/launch/autonomy.launch.py
[5.235s] -- Installing: /home/bobdobchob/osu-uwrt/development/software/src/mercury_autonomy/install/mercury_autonomy/share/ament_index/resource_index/package_run_dependencies/mercury_autonomy
[5.235s] -- Installing: /home/bobdobchob/osu-uwrt/development/software/src/mercury_autonomy/install/mercury_autonomy/share/ament_index/resource_index/parent_prefix_path/mercury_autonomy
[5.235s] -- Installing: /home/bobdobchob/osu-uwrt/development/software/src/mercury_autonomy/install/mercury_autonomy/share/mercury_autonomy/environment/ament_prefix_path.sh
[5.235s] -- Installing: /home/bobdobchob/osu-uwrt/development/software/src/mercury_autonomy/install/mercury_autonomy/share/mercury_autonomy/environment/ament_prefix_path.dsv
[5.235s] -- Installing: /home/bobdobchob/osu-uwrt/development/software/src/mercury_autonomy/install/mercury_autonomy/share/mercury_autonomy/environment/path.sh
[5.235s] -- Installing: /home/bobdobchob/osu-uwrt/development/software/src/mercury_autonomy/install/mercury_autonomy/share/mercury_autonomy/environment/path.dsv
[5.235s] -- Installing: /home/bobdobchob/osu-uwrt/development/software/src/mercury_autonomy/install/mercury_autonomy/share/mercury_autonomy/local_setup.bash
[5.235s] -- Installing: /home/bobdobchob/osu-uwrt/development/software/src/mercury_autonomy/install/mercury_autonomy/share/mercury_autonomy/local_setup.sh
[5.235s] -- Installing: /home/bobdobchob/osu-uwrt/development/software/src/mercury_autonomy/install/mercury_autonomy/share/mercury_autonomy/local_setup.zsh
[5.235s] -- Installing: /home/bobdobchob/osu-uwrt/development/software/src/mercury_autonomy/install/mercury_autonomy/share/mercury_autonomy/local_setup.dsv
[5.235s] -- Installing: /home/bobdobchob/osu-uwrt/development/software/src/mercury_autonomy/install/mercury_autonomy/share/mercury_autonomy/package.dsv
[5.235s] -- Installing: /home/bobdobchob/osu-uwrt/development/software/src/mercury_autonomy/install/mercury_autonomy/share/ament_index/resource_index/packages/mercury_autonomy
[5.235s] -- Installing: /home/bobdobchob/osu-uwrt/development/software/src/mercury_autonomy/install/mercury_autonomy/share/mercury_autonomy/cmake/mercury_autonomyConfig.cmake
[5.235s] -- Installing: /home/bobdobchob/osu-uwrt/development/software/src/mercury_autonomy/install/mercury_autonomy/share/mercury_autonomy/cmake/mercury_autonomyConfig-version.cmake
[5.235s] -- Installing: /home/bobdobchob/osu-uwrt/development/software/src/mercury_autonomy/install/mercury_autonomy/share/mercury_autonomy/package.xml
[5.237s] Invoked command in '/home/bobdobchob/osu-uwrt/development/software/src/mercury_autonomy/build/mercury_autonomy' returned '0': CMAKE_PREFIX_PATH=${CMAKE_PREFIX_PATH}:/home/bobdobchob/osu-uwrt/development/software/install/mercury_launch:/home/bobdobchob/osu-uwrt/development/software/install/riptide_bringup2:/home/bobdobchob/osu-uwrt/development/software/install/remote_launch:/home/bobdobchob/osu-uwrt/development/software/src/install/riptide_bringup2:/home/bobdobchob/osu-uwrt/development/software/src/install/remote_launch:/opt/ros/humble /usr/bin/cmake --install /home/bobdobchob/osu-uwrt/development/software/src/mercury_autonomy/build/mercury_autonomy
