[35m[1mConsolidate compiler generated dependencies of target mercury_autonomy_core[0m
[  2%] Built target gtest_main
[  4%] Built target gtest
[  8%] Built target mercury_autonomy_core
[35m[1mConsolidate compiler generated dependencies of target test_legacy_action_nodes[0m
[35m[1mConsolidate compiler generated dependencies of target tree_executor[0m
[35m[1mConsolidate compiler generated dependencies of target test_tree_executor[0m
[35m[1mConsolidate compiler generated dependencies of target test_approx_equal_to[0m
[35m[1mConsolidate compiler generated dependencies of target mercury_bt_decorators[0m
[35m[1mConsolidate compiler generated dependencies of target test_topic_nodes[0m
[35m[1mConsolidate compiler generated dependencies of target test_transform_pose[0m
[35m[1mConsolidate compiler generated dependencies of target test_decorator_nodes[0m
[35m[1mConsolidate compiler generated dependencies of target test_service_nodes[0m
[35m[1mConsolidate compiler generated dependencies of target test_sensor_nodes[0m
[35m[1mConsolidate compiler generated dependencies of target test_publish_nodes[0m
[35m[1mConsolidate compiler generated dependencies of target test_condition_nodes[0m
[35m[1mConsolidate compiler generated dependencies of target mercury_bt_conditions[0m
[ 11%] Built target test_tree_executor
[ 12%] [32mBuilding CXX object CMakeFiles/test_legacy_action_nodes.dir/test/test_legacy_action_nodes.cpp.o[0m
[ 14%] Built target tree_executor
[ 18%] Built target test_approx_equal_to
[ 22%] Built target test_decorator_nodes
[35m[1mConsolidate compiler generated dependencies of target mercury_bt_actions[0m
[ 25%] Built target test_transform_pose
[ 30%] Built target test_service_nodes
[ 35%] Built target test_topic_nodes
[ 45%] Built target test_publish_nodes
[ 45%] Built target mercury_bt_decorators
[ 51%] Built target test_condition_nodes
[ 58%] Built target test_sensor_nodes
[ 66%] Built target mercury_bt_conditions
[ 69%] [32mBuilding CXX object CMakeFiles/mercury_bt_actions.dir/src/bt_actions/get_covariance.cpp.o[0m
[ 69%] [32mBuilding CXX object CMakeFiles/mercury_bt_actions.dir/src/bt_actions/compute_frame_alignment.cpp.o[0m
[ 71%] [32mBuilding CXX object CMakeFiles/mercury_bt_actions.dir/src/bt_actions/get_mapping_state.cpp.o[0m
[ 71%] [32mBuilding CXX object CMakeFiles/mercury_bt_actions.dir/src/bt_actions/get_float64_topic.cpp.o[0m
[ 72%] [32mBuilding CXX object CMakeFiles/mercury_bt_actions.dir/src/bt_actions/publish_ekf_pose.cpp.o[0m
[ 75%] [32mBuilding CXX object CMakeFiles/mercury_bt_actions.dir/src/bt_actions/publish_to_controller.cpp.o[0m
[ 75%] [32mBuilding CXX object CMakeFiles/mercury_bt_actions.dir/src/bt_actions/publish_int8.cpp.o[0m
[ 76%] [32mBuilding CXX object CMakeFiles/mercury_bt_actions.dir/src/bt_actions/publish_twist.cpp.o[0m
[ 77%] [32mBuilding CXX object CMakeFiles/mercury_bt_actions.dir/src/bt_actions/set_controller_safe_mode.cpp.o[0m
[ 79%] [32mBuilding CXX object CMakeFiles/mercury_bt_actions.dir/src/bt_actions/set_mapping_target.cpp.o[0m
[ 80%] [32mBuilding CXX object CMakeFiles/mercury_bt_actions.dir/src/bt_actions/set_status.cpp.o[0m
[ 81%] [32mBuilding CXX object CMakeFiles/mercury_bt_actions.dir/src/bt_actions/transform_pose.cpp.o[0m
[ 82%] [32mBuilding CXX object CMakeFiles/mercury_bt_actions.dir/src/bt_actions/trigger_controller_stunt.cpp.o[0m
[ 83%] [32mBuilding CXX object CMakeFiles/mercury_bt_actions.dir/src/bt_actions/wait.cpp.o[0m
[ 85%] [32mBuilding CXX object CMakeFiles/mercury_bt_actions.dir/src/bt_actions/wait_for_detection.cpp.o[0m
[ 86%] [32mBuilding CXX object CMakeFiles/mercury_bt_actions.dir/src/register_actions.cpp.o[0m
