-- Found ament_cmake: 1.3.11 (/opt/ros/humble/share/ament_cmake/cmake)
-- Found rclcpp: 16.0.11 (/opt/ros/humble/share/rclcpp/cmake)
-- Found rosidl_generator_c: 3.1.6 (/opt/ros/humble/share/rosidl_generator_c/cmake)
-- Found rosidl_adapter: 3.1.6 (/opt/ros/humble/share/rosidl_adapter/cmake)
-- Found rosidl_generator_cpp: 3.1.6 (/opt/ros/humble/share/rosidl_generator_cpp/cmake)
-- Using all available rosidl_typesupport_c: rosidl_typesupport_fastrtps_c;rosidl_typesupport_introspection_c
-- Using all available rosidl_typesupport_cpp: rosidl_typesupport_fastrtps_cpp;rosidl_typesupport_introspection_cpp
-- Found rmw_implementation_cmake: 6.1.2 (/opt/ros/humble/share/rmw_implementation_cmake/cmake)
-- Found rmw_fastrtps_cpp: 6.2.7 (/opt/ros/humble/share/rmw_fastrtps_cpp/cmake)
-- Using RMW implementation 'rmw_fastrtps_cpp' as default
-- Found rclcpp_action: 16.0.11 (/opt/ros/humble/share/rclcpp_action/cmake)
-- Found std_srvs: 4.2.4 (/opt/ros/humble/share/std_srvs/cmake)
-- Found geometry_msgs: 4.2.4 (/opt/ros/humble/share/geometry_msgs/cmake)
-- Found sensor_msgs: 4.2.4 (/opt/ros/humble/share/sensor_msgs/cmake)
-- Found nav_msgs: 4.2.4 (/opt/ros/humble/share/nav_msgs/cmake)
-- Found vision_msgs: 4.1.1 (/opt/ros/humble/share/vision_msgs/cmake)
-- Found robot_localization: 3.5.3 (/opt/ros/humble/share/robot_localization/cmake)
-- Found tf2: 0.25.12 (/opt/ros/humble/share/tf2/cmake)
-- Found tf2_ros: 0.25.12 (/opt/ros/humble/share/tf2_ros/cmake)
-- Found tf2_geometry_msgs: 0.25.12 (/opt/ros/humble/share/tf2_geometry_msgs/cmake)
-- Found eigen3_cmake_module: 0.1.1 (/opt/ros/humble/share/eigen3_cmake_module/cmake)
-- Ensuring Eigen3 include directory is part of orocos-kdl CMake target
-- Found behaviortree_cpp: 4.9.0 (/home/bobdobchob/osu-uwrt/development/software/install/behaviortree_cpp/share/behaviortree_cpp/cmake)
-- Found mercury_msgs: 0.0.0 (/home/bobdobchob/osu-uwrt/development/software/install/mercury_msgs/share/mercury_msgs/cmake)
-- Found ament_lint_auto: 0.12.11 (/opt/ros/humble/share/ament_lint_auto/cmake)
-- Found gtest sources under '/opt/ros/humble/src/gtest_vendor': C++ tests using 'Google Test' will be built
-- Added test 'cppcheck' to perform static code analysis on C / C++ code
-- Configured cppcheck include dirs: $<BUILD_INTERFACE:/home/bobdobchob/osu-uwrt/development/software/src/mercury_autonomy/mercury_autonomy/include>
-- Configured cppcheck exclude dirs and/or files: 
-- Added test 'flake8' to check Python code syntax and style conventions
-- Added test 'lint_cmake' to check CMake code style
-- Added test 'pep257' to check Python code against some of the docstring style conventions in PEP 257
-- Added test 'uncrustify' to check C / C++ code style
-- Configured uncrustify additional arguments: 
-- Added test 'xmllint' to check XML markup files
-- Configuring done
-- Generating done
-- Build files have been written to: /home/bobdobchob/osu-uwrt/development/software/src/mercury_autonomy/build/mercury_autonomy
[35m[1mConsolidate compiler generated dependencies of target mercury_autonomy_core[0m
[35m[1mConsolidate compiler generated dependencies of target gtest_main[0m
[35m[1mConsolidate compiler generated dependencies of target gtest[0m
[  4%] Built target gtest_main
[  4%] Built target gtest
[  6%] [32mBuilding CXX object CMakeFiles/mercury_autonomy_core.dir/src/autonomy_util.cpp.o[0m
[  7%] [32mBuilding CXX object CMakeFiles/mercury_autonomy_core.dir/src/mercury_bt_node.cpp.o[0m
[  8%] [32m[1mLinking CXX shared library libmercury_autonomy_core.so[0m
[  8%] Built target mercury_autonomy_core
[35m[1mConsolidate compiler generated dependencies of target test_tree_executor[0m
[35m[1mConsolidate compiler generated dependencies of target test_service_nodes[0m
[35m[1mConsolidate compiler generated dependencies of target mercury_bt_decorators[0m
[35m[1mConsolidate compiler generated dependencies of target test_approx_equal_to[0m
[35m[1mConsolidate compiler generated dependencies of target test_decorator_nodes[0m
[35m[1mConsolidate compiler generated dependencies of target tree_executor[0m
[35m[1mConsolidate compiler generated dependencies of target test_topic_nodes[0m
[35m[1mConsolidate compiler generated dependencies of target test_transform_pose[0m
[35m[1mConsolidate compiler generated dependencies of target test_sensor_nodes[0m
[35m[1mConsolidate compiler generated dependencies of target test_condition_nodes[0m
[35m[1mConsolidate compiler generated dependencies of target test_publish_nodes[0m
[35m[1mConsolidate compiler generated dependencies of target mercury_bt_conditions[0m
[  9%] [32mBuilding CXX object CMakeFiles/test_legacy_action_nodes.dir/test/test_legacy_action_nodes.cpp.o[0m
[35m[1mConsolidate compiler generated dependencies of target mercury_bt_actions[0m
[ 11%] [32mBuilding CXX object CMakeFiles/test_tree_executor.dir/test/test_tree_executor.cpp.o[0m
[ 12%] [32mBuilding CXX object CMakeFiles/tree_executor.dir/src/tree_executor.cpp.o[0m
[ 13%] [32mBuilding CXX object CMakeFiles/test_approx_equal_to.dir/test/test_approx_equal_to.cpp.o[0m
[ 16%] [32mBuilding CXX object CMakeFiles/test_decorator_nodes.dir/test/test_decorator_nodes.cpp.o[0m
[ 16%] [32mBuilding CXX object CMakeFiles/test_approx_equal_to.dir/src/bt_conditions/approx_equal_to.cpp.o[0m
[ 17%] [32mBuilding CXX object CMakeFiles/test_decorator_nodes.dir/src/bt_decorators/retry_until_successful_or_timeout.cpp.o[0m
[ 18%] [32mBuilding CXX object CMakeFiles/mercury_bt_decorators.dir/src/bt_decorators/example_decorator.cpp.o[0m
[ 19%] [32mBuilding CXX object CMakeFiles/test_transform_pose.dir/test/test_transform_pose.cpp.o[0m
[ 20%] [32mBuilding CXX object CMakeFiles/mercury_bt_decorators.dir/src/register_decorators.cpp.o[0m
[ 22%] [32mBuilding CXX object CMakeFiles/test_transform_pose.dir/src/bt_actions/transform_pose.cpp.o[0m
[ 23%] [32mBuilding CXX object CMakeFiles/test_topic_nodes.dir/test/test_topic_nodes.cpp.o[0m
[ 24%] [32mBuilding CXX object CMakeFiles/mercury_bt_decorators.dir/src/bt_decorators/retry_until_successful_or_timeout.cpp.o[0m
[ 25%] [32mBuilding CXX object CMakeFiles/test_topic_nodes.dir/src/bt_actions/get_bool_topic.cpp.o[0m
[ 28%] [32mBuilding CXX object CMakeFiles/test_service_nodes.dir/src/bt_actions/call_set_bool_service.cpp.o[0m
[ 28%] [32mBuilding CXX object CMakeFiles/test_topic_nodes.dir/src/bt_actions/get_float_topic.cpp.o[0m
[ 29%] [32mBuilding CXX object CMakeFiles/test_service_nodes.dir/test/test_service_nodes.cpp.o[0m
[ 30%] [32mBuilding CXX object CMakeFiles/test_sensor_nodes.dir/test/test_sensor_nodes.cpp.o[0m
[ 32%] [32mBuilding CXX object CMakeFiles/test_publish_nodes.dir/test/test_publish_nodes.cpp.o[0m
[ 33%] [32mBuilding CXX object CMakeFiles/test_condition_nodes.dir/test/test_condition_nodes.cpp.o[0m
[ 34%] [32mBuilding CXX object CMakeFiles/test_publish_nodes.dir/src/bt_actions/publish_twist.cpp.o[0m
[ 35%] [32mBuilding CXX object CMakeFiles/test_service_nodes.dir/src/bt_actions/call_trigger_service.cpp.o[0m
[ 37%] [32mBuilding CXX object CMakeFiles/mercury_bt_conditions.dir/src/bt_conditions/approx_equal_to.cpp.o[0m
[ 38%] [32mBuilding CXX object CMakeFiles/mercury_bt_actions.dir/src/bt_actions/call_set_bool_service.cpp.o[0m
[ 39%] [32mBuilding CXX object CMakeFiles/mercury_bt_actions.dir/src/bt_actions/call_trigger_service.cpp.o[0m
[ 40%] [32mBuilding CXX object CMakeFiles/mercury_bt_actions.dir/src/bt_actions/compute_frame_alignment.cpp.o[0m
[ 41%] [32mBuilding CXX object CMakeFiles/mercury_bt_conditions.dir/src/bt_conditions/approx_equal_to_angle.cpp.o[0m
[ 43%] [32mBuilding CXX object CMakeFiles/mercury_bt_conditions.dir/src/bt_conditions/compare_nums.cpp.o[0m
[ 44%] [32m[1mLinking CXX shared library libmercury_bt_decorators.so[0m
[ 45%] [32mBuilding CXX object CMakeFiles/mercury_bt_conditions.dir/src/bt_conditions/example_condition.cpp.o[0m
[ 48%] [32mBuilding CXX object CMakeFiles/mercury_bt_conditions.dir/src/bt_conditions/is_true.cpp.o[0m
[ 48%] [32mBuilding CXX object CMakeFiles/test_condition_nodes.dir/src/bt_conditions/approx_equal_to_angle.cpp.o[0m
[ 49%] [32mBuilding CXX object CMakeFiles/test_condition_nodes.dir/src/bt_conditions/compare_nums.cpp.o[0m
[ 49%] Built target mercury_bt_decorators
[ 50%] [32mBuilding CXX object CMakeFiles/test_condition_nodes.dir/src/bt_conditions/is_true.cpp.o[0m
[ 51%] [32m[1mLinking CXX executable test_decorator_nodes[0m
[ 53%] [32mBuilding CXX object CMakeFiles/test_publish_nodes.dir/src/bt_actions/publish_bool.cpp.o[0m
[ 54%] [32m[1mLinking CXX executable test_approx_equal_to[0m
[ 55%] [32mBuilding CXX object CMakeFiles/test_sensor_nodes.dir/src/bt_actions/get_odometry.cpp.o[0m
[ 55%] Built target test_decorator_nodes
[ 56%] [32mBuilding CXX object CMakeFiles/mercury_bt_conditions.dir/src/register_conditions.cpp.o[0m
[ 56%] Built target test_approx_equal_to
[ 58%] [32mBuilding CXX object CMakeFiles/mercury_bt_actions.dir/src/bt_actions/example_action.cpp.o[0m
[ 59%] [32m[1mLinking CXX executable test_transform_pose[0m
[ 60%] [32mBuilding CXX object CMakeFiles/test_sensor_nodes.dir/src/bt_actions/get_imu_orientation.cpp.o[0m
[ 61%] [32mBuilding CXX object CMakeFiles/test_sensor_nodes.dir/src/bt_actions/get_twist_topic.cpp.o[0m
[ 62%] [32mBuilding CXX object CMakeFiles/mercury_bt_actions.dir/src/bt_actions/get_bool_topic.cpp.o[0m
[ 64%] [32m[1mLinking CXX executable test_tree_executor[0m
[ 65%] [32mBuilding CXX object CMakeFiles/mercury_bt_actions.dir/src/bt_actions/get_covariance.cpp.o[0m
[ 65%] Built target test_transform_pose
[ 66%] [32m[1mLinking CXX executable test_service_nodes[0m
[ 67%] [32mBuilding CXX object CMakeFiles/mercury_bt_actions.dir/src/bt_actions/get_float64_topic.cpp.o[0m
[ 67%] Built target test_tree_executor
[ 69%] [32mBuilding CXX object CMakeFiles/mercury_bt_actions.dir/src/bt_actions/get_float_topic.cpp.o[0m
[ 69%] Built target test_service_nodes
[ 70%] [32mBuilding CXX object CMakeFiles/mercury_bt_actions.dir/src/bt_actions/get_imu_orientation.cpp.o[0m
[ 71%] [32mBuilding CXX object CMakeFiles/mercury_bt_actions.dir/src/bt_actions/get_mapping_state.cpp.o[0m
[ 72%] [32m[1mLinking CXX executable tree_executor[0m
[ 72%] Built target tree_executor
[ 74%] [32mBuilding CXX object CMakeFiles/mercury_bt_actions.dir/src/bt_actions/get_odometry.cpp.o[0m
[ 75%] [32mBuilding CXX object CMakeFiles/mercury_bt_actions.dir/src/bt_actions/get_twist_topic.cpp.o[0m
[ 76%] [32mBuilding CXX object CMakeFiles/mercury_bt_actions.dir/src/bt_actions/publish_bool.cpp.o[0m
[ 77%] [32m[1mLinking CXX executable test_topic_nodes[0m
[ 79%] [32m[1mLinking CXX shared library libmercury_bt_conditions.so[0m
[ 80%] [32m[1mLinking CXX executable test_condition_nodes[0m
[ 80%] Built target mercury_bt_conditions
[ 80%] Built target test_topic_nodes
[ 80%] Built target test_condition_nodes
[ 81%] [32m[1mLinking CXX executable test_publish_nodes[0m
[ 81%] Built target test_publish_nodes
[ 82%] [32m[1mLinking CXX executable test_sensor_nodes[0m
[ 82%] Built target test_sensor_nodes
