[  2%] Built target gtest_main
[  4%] Built target gtest
[  8%] Built target mercury_autonomy_core
[35m[1mConsolidate compiler generated dependencies of target test_legacy_action_nodes[0m
[ 13%] Built target mercury_bt_decorators
[ 16%] Built target test_tree_executor
[ 24%] Built target test_service_nodes
[ 25%] Built target test_publish_nodes
[ 29%] Built target test_transform_pose
[ 33%] Built target test_decorator_nodes
[ 39%] Built target test_sensor_nodes
[ 43%] Built target test_approx_equal_to
[ 45%] Built target tree_executor
[ 54%] Built target mercury_bt_conditions
[ 59%] Built target test_topic_nodes
[ 65%] Built target test_condition_nodes
[ 66%] [32mBuilding CXX object CMakeFiles/test_legacy_action_nodes.dir/test/test_legacy_action_nodes.cpp.o[0m
[35m[1mConsolidate compiler generated dependencies of target mercury_bt_actions[0m
[ 67%] [32mBuilding CXX object CMakeFiles/mercury_bt_actions.dir/src/bt_actions/compute_frame_alignment.cpp.o[0m
[ 69%] [32mBuilding CXX object CMakeFiles/mercury_bt_actions.dir/src/bt_actions/publish_ekf_pose.cpp.o[0m
[ 70%] [32mBuilding CXX object CMakeFiles/mercury_bt_actions.dir/src/bt_actions/publish_to_controller.cpp.o[0m
[ 71%] [32mBuilding CXX object CMakeFiles/mercury_bt_actions.dir/src/bt_actions/set_controller_safe_mode.cpp.o[0m
[ 72%] [32mBuilding CXX object CMakeFiles/mercury_bt_actions.dir/src/bt_actions/publish_int8.cpp.o[0m
[ 74%] [32mBuilding CXX object CMakeFiles/mercury_bt_actions.dir/src/register_actions.cpp.o[0m
[ 75%] [32m[1mLinking CXX executable test_legacy_action_nodes[0m
