[0.007s] Invoking command in '/home/bobdobchob/osu-uwrt/development/software/src/mercury_autonomy/build/mercury_autonomy': CMAKE_PREFIX_PATH=${CMAKE_PREFIX_PATH}:/home/bobdobchob/osu-uwrt/development/software/install/mercury_launch:/home/bobdobchob/osu-uwrt/development/software/install/riptide_bringup2:/home/bobdobchob/osu-uwrt/development/software/install/remote_launch:/home/bobdobchob/osu-uwrt/development/software/src/install/riptide_bringup2:/home/bobdobchob/osu-uwrt/development/software/src/install/remote_launch:/opt/ros/humble /usr/bin/cmake --build /home/bobdobchob/osu-uwrt/development/software/src/mercury_autonomy/build/mercury_autonomy -- -j24 -l24
[0.016s] [0m-- GLOB mismatch![0m
[0.024s] -- Found ament_cmake: 1.3.11 (/opt/ros/humble/share/ament_cmake/cmake)
[0.086s] -- Found rclcpp: 16.0.11 (/opt/ros/humble/share/rclcpp/cmake)
[0.097s] -- Found rosidl_generator_c: 3.1.6 (/opt/ros/humble/share/rosidl_generator_c/cmake)
[0.098s] -- Found rosidl_adapter: 3.1.6 (/opt/ros/humble/share/rosidl_adapter/cmake)
[0.101s] -- Found rosidl_generator_cpp: 3.1.6 (/opt/ros/humble/share/rosidl_generator_cpp/cmake)
[0.105s] -- Using all available rosidl_typesupport_c: rosidl_typesupport_fastrtps_c;rosidl_typesupport_introspection_c
[0.110s] -- Using all available rosidl_typesupport_cpp: rosidl_typesupport_fastrtps_cpp;rosidl_typesupport_introspection_cpp
[0.122s] -- Found rmw_implementation_cmake: 6.1.2 (/opt/ros/humble/share/rmw_implementation_cmake/cmake)
[0.123s] -- Found rmw_fastrtps_cpp: 6.2.7 (/opt/ros/humble/share/rmw_fastrtps_cpp/cmake)
[0.174s] -- Using RMW implementation 'rmw_fastrtps_cpp' as default
[0.194s] -- Found rclcpp_action: 16.0.11 (/opt/ros/humble/share/rclcpp_action/cmake)
[0.205s] -- Found std_srvs: 4.2.4 (/opt/ros/humble/share/std_srvs/cmake)
[0.208s] -- Found geometry_msgs: 4.2.4 (/opt/ros/humble/share/geometry_msgs/cmake)
[0.213s] -- Found sensor_msgs: 4.2.4 (/opt/ros/humble/share/sensor_msgs/cmake)
[0.219s] -- Found nav_msgs: 4.2.4 (/opt/ros/humble/share/nav_msgs/cmake)
[0.226s] -- Found vision_msgs: 4.1.1 (/opt/ros/humble/share/vision_msgs/cmake)
[0.231s] -- Found robot_localization: 3.5.3 (/opt/ros/humble/share/robot_localization/cmake)
[0.249s] -- Found tf2: 0.25.12 (/opt/ros/humble/share/tf2/cmake)
[0.251s] -- Found tf2_ros: 0.25.12 (/opt/ros/humble/share/tf2_ros/cmake)
[0.268s] -- Found tf2_geometry_msgs: 0.25.12 (/opt/ros/humble/share/tf2_geometry_msgs/cmake)
[0.269s] -- Found eigen3_cmake_module: 0.1.1 (/opt/ros/humble/share/eigen3_cmake_module/cmake)
[0.270s] -- Ensuring Eigen3 include directory is part of orocos-kdl CMake target
[0.270s] -- Found behaviortree_cpp: 4.9.0 (/home/bobdobchob/osu-uwrt/development/software/install/behaviortree_cpp/share/behaviortree_cpp/cmake)
[0.271s] -- Found mercury_msgs: 0.0.0 (/home/bobdobchob/osu-uwrt/development/software/install/mercury_msgs/share/mercury_msgs/cmake)
[0.316s] -- Found ament_lint_auto: 0.12.11 (/opt/ros/humble/share/ament_lint_auto/cmake)
[0.349s] -- Found gtest sources under '/opt/ros/humble/src/gtest_vendor': C++ tests using 'Google Test' will be built
[0.433s] -- Added test 'cppcheck' to perform static code analysis on C / C++ code
[0.433s] -- Configured cppcheck include dirs: $<BUILD_INTERFACE:/home/bobdobchob/osu-uwrt/development/software/src/mercury_autonomy/mercury_autonomy/include>
[0.433s] -- Configured cppcheck exclude dirs and/or files: 
[0.434s] -- Added test 'flake8' to check Python code syntax and style conventions
[0.435s] -- Added test 'lint_cmake' to check CMake code style
[0.435s] -- Added test 'pep257' to check Python code against some of the docstring style conventions in PEP 257
[0.437s] -- Added test 'uncrustify' to check C / C++ code style
[0.437s] -- Configured uncrustify additional arguments: 
[0.437s] -- Added test 'xmllint' to check XML markup files
[0.438s] -- Configuring done
[0.483s] -- Generating done
[0.500s] -- Build files have been written to: /home/bobdobchob/osu-uwrt/development/software/src/mercury_autonomy/build/mercury_autonomy
[0.518s] [35m[1mConsolidate compiler generated dependencies of target gtest[0m
[0.518s] [35m[1mConsolidate compiler generated dependencies of target mercury_autonomy_core[0m
[0.519s] [35m[1mConsolidate compiler generated dependencies of target gtest_main[0m
[0.526s] [  2%] Built target gtest
[0.528s] [  5%] Built target gtest_main
[0.531s] [  8%] Built target mercury_autonomy_core
[0.539s] [35m[1mConsolidate compiler generated dependencies of target test_tree_executor[0m
[0.539s] [35m[1mConsolidate compiler generated dependencies of target tree_executor[0m
[0.540s] [35m[1mConsolidate compiler generated dependencies of target test_transform_pose[0m
[0.540s] [35m[1mConsolidate compiler generated dependencies of target test_approx_equal_to[0m
[0.540s] [35m[1mConsolidate compiler generated dependencies of target test_service_nodes[0m
[0.540s] [35m[1mConsolidate compiler generated dependencies of target test_decorator_nodes[0m
[0.540s] [35m[1mConsolidate compiler generated dependencies of target test_publish_nodes[0m
[0.540s] [35m[1mConsolidate compiler generated dependencies of target test_topic_nodes[0m
[0.541s] [35m[1mConsolidate compiler generated dependencies of target test_sensor_nodes[0m
[0.541s] [35m[1mConsolidate compiler generated dependencies of target test_condition_nodes[0m
[0.541s] [35m[1mConsolidate compiler generated dependencies of target mercury_bt_decorators[0m
[0.542s] [35m[1mConsolidate compiler generated dependencies of target mercury_bt_conditions[0m
[0.548s] [ 11%] Built target tree_executor
[0.549s] [ 14%] Built target test_tree_executor
[0.552s] [35m[1mConsolidate compiler generated dependencies of target mercury_bt_actions[0m
[0.554s] [ 17%] Built target test_transform_pose
[0.555s] [ 21%] Built target test_approx_equal_to
[0.559s] [ 26%] Built target test_service_nodes
[0.559s] [ 32%] Built target test_decorator_nodes
[0.559s] [ 35%] Built target test_topic_nodes
[0.560s] [ 41%] Built target test_publish_nodes
[0.561s] [ 46%] Built target mercury_bt_decorators
[0.562s] [ 52%] Built target test_sensor_nodes
[0.562s] [ 61%] Built target mercury_bt_conditions
[0.563s] [ 67%] Built target test_condition_nodes
[0.586s] [ 69%] [32mBuilding CXX object CMakeFiles/mercury_bt_actions.dir/src/bt_actions/compute_frame_alignment.cpp.o[0m
[0.586s] [ 70%] [32mBuilding CXX object CMakeFiles/mercury_bt_actions.dir/src/bt_actions/get_mapping_state.cpp.o[0m
[0.586s] [ 71%] [32mBuilding CXX object CMakeFiles/mercury_bt_actions.dir/src/bt_actions/get_covariance.cpp.o[0m
[0.586s] [ 73%] [32mBuilding CXX object CMakeFiles/mercury_bt_actions.dir/src/bt_actions/publish_ekf_pose.cpp.o[0m
[0.587s] [ 75%] [32mBuilding CXX object CMakeFiles/mercury_bt_actions.dir/src/bt_actions/publish_int8.cpp.o[0m
[0.587s] [ 75%] [32mBuilding CXX object CMakeFiles/mercury_bt_actions.dir/src/bt_actions/publish_to_controller.cpp.o[0m
[0.587s] [ 76%] [32mBuilding CXX object CMakeFiles/mercury_bt_actions.dir/src/bt_actions/set_mapping_target.cpp.o[0m
[0.588s] [ 78%] [32mBuilding CXX object CMakeFiles/mercury_bt_actions.dir/src/bt_actions/set_status.cpp.o[0m
[0.588s] [ 79%] [32mBuilding CXX object CMakeFiles/mercury_bt_actions.dir/src/bt_actions/wait.cpp.o[0m
[0.589s] [ 80%] [32mBuilding CXX object CMakeFiles/mercury_bt_actions.dir/src/bt_actions/wait_for_detection.cpp.o[0m
[0.589s] [ 82%] [32mBuilding CXX object CMakeFiles/mercury_bt_actions.dir/src/register_actions.cpp.o[0m
[2.529s] [01m[K/home/bobdobchob/osu-uwrt/development/software/src/mercury_autonomy/mercury_autonomy/src/bt_actions/set_mapping_target.cpp:[m[K In member function ‘[01m[Kvirtual BT::NodeStatus mercury_autonomy::SetMappingTarget::onStart()[m[K’:
[2.529s] [01m[K/home/bobdobchob/osu-uwrt/development/software/src/mercury_autonomy/mercury_autonomy/src/bt_actions/set_mapping_target.cpp:40:48:[m[K [01;35m[Kwarning: [m[K‘[01m[Krclcpp::Client<ServiceT>::FutureAndRequestId::operator rclcpp::Client<ServiceT>::SharedFuture() [with ServiceT = mercury_msgs::srv::MappingTarget; rclcpp::Client<ServiceT>::SharedFuture = std::shared_future<std::shared_ptr<mercury_msgs::srv::MappingTarget_Response_<std::allocator<void> > > >][m[K’ is deprecated: FutureAndRequestId: use .future.share() instead of an implicit conversion [[01;35m[K]8;;https://gcc.gnu.org/onlinedocs/gcc/Warning-Options.html#index-Wdeprecated-declarations-Wdeprecated-declarations]8;;[m[K]
[2.529s]    40 |   future_ = client_->async_send_request(request[01;35m[K)[m[K;
[2.529s]       |                                                [01;35m[K^[m[K
[2.529s] In file included from [01m[K/opt/ros/humble/include/rclcpp/rclcpp/callback_group.hpp:24[m[K,
[2.529s]                  from [01m[K/opt/ros/humble/include/rclcpp/rclcpp/any_executable.hpp:20[m[K,
[2.529s]                  from [01m[K/opt/ros/humble/include/rclcpp/rclcpp/memory_strategy.hpp:25[m[K,
[2.529s]                  from [01m[K/opt/ros/humble/include/rclcpp/rclcpp/memory_strategies.hpp:18[m[K,
[2.529s]                  from [01m[K/opt/ros/humble/include/rclcpp/rclcpp/executor_options.hpp:20[m[K,
[2.529s]                  from [01m[K/opt/ros/humble/include/rclcpp/rclcpp/executor.hpp:37[m[K,
[2.529s]                  from [01m[K/opt/ros/humble/include/rclcpp/rclcpp/executors/multi_threaded_executor.hpp:25[m[K,
[2.529s]                  from [01m[K/opt/ros/humble/include/rclcpp/rclcpp/executors.hpp:21[m[K,
[2.529s]                  from [01m[K/opt/ros/humble/include/rclcpp/rclcpp/rclcpp.hpp:155[m[K,
[2.529s]                  from [01m[K/home/bobdobchob/osu-uwrt/development/software/src/mercury_autonomy/mercury_autonomy/include/mercury_autonomy/autonomy_base.hpp:20[m[K,
[2.529s]                  from [01m[K/home/bobdobchob/osu-uwrt/development/software/src/mercury_autonomy/mercury_autonomy/include/mercury_autonomy/autonomy_lib.hpp:6[m[K,
[2.530s]                  from [01m[K/home/bobdobchob/osu-uwrt/development/software/src/mercury_autonomy/mercury_autonomy/include/mercury_autonomy/bt_actions/set_mapping_target.hpp:10[m[K,
[2.530s]                  from [01m[K/home/bobdobchob/osu-uwrt/development/software/src/mercury_autonomy/mercury_autonomy/src/bt_actions/set_mapping_target.cpp:3[m[K:
[2.530s] [01m[K/opt/ros/humble/include/rclcpp/rclcpp/client.hpp:415:5:[m[K [01;36m[Knote: [m[Kdeclared here
[2.530s]   415 |     [01;36m[Koperator[m[K SharedFuture() {return this->future.share();}
[2.530s]       |     [01;36m[K^~~~~~~~[m[K
[6.024s] [ 83%] [32m[1mLinking CXX shared library libmercury_bt_actions.so[0m
[7.294s] [ 97%] Built target mercury_bt_actions
[7.299s] [35m[1mConsolidate compiler generated dependencies of target test_legacy_action_nodes[0m
[7.309s] [ 98%] [32mBuilding CXX object CMakeFiles/test_legacy_action_nodes.dir/test/test_legacy_action_nodes.cpp.o[0m
[10.684s] [100%] [32m[1mLinking CXX executable test_legacy_action_nodes[0m
[11.086s] [100%] Built target test_legacy_action_nodes
[11.092s] Invoked command in '/home/bobdobchob/osu-uwrt/development/software/src/mercury_autonomy/build/mercury_autonomy' returned '0': CMAKE_PREFIX_PATH=${CMAKE_PREFIX_PATH}:/home/bobdobchob/osu-uwrt/development/software/install/mercury_launch:/home/bobdobchob/osu-uwrt/development/software/install/riptide_bringup2:/home/bobdobchob/osu-uwrt/development/software/install/remote_launch:/home/bobdobchob/osu-uwrt/development/software/src/install/riptide_bringup2:/home/bobdobchob/osu-uwrt/development/software/src/install/remote_launch:/opt/ros/humble /usr/bin/cmake --build /home/bobdobchob/osu-uwrt/development/software/src/mercury_autonomy/build/mercury_autonomy -- -j24 -l24
[11.097s] Invoking command in '/home/bobdobchob/osu-uwrt/development/software/src/mercury_autonomy/build/mercury_autonomy': CMAKE_PREFIX_PATH=${CMAKE_PREFIX_PATH}:/home/bobdobchob/osu-uwrt/development/software/install/mercury_launch:/home/bobdobchob/osu-uwrt/development/software/install/riptide_bringup2:/home/bobdobchob/osu-uwrt/development/software/install/remote_launch:/home/bobdobchob/osu-uwrt/development/software/src/install/riptide_bringup2:/home/bobdobchob/osu-uwrt/development/software/src/install/remote_launch:/opt/ros/humble /usr/bin/cmake --install /home/bobdobchob/osu-uwrt/development/software/src/mercury_autonomy/build/mercury_autonomy
[11.100s] -- Install configuration: ""
[11.100s] -- Up-to-date: /home/bobdobchob/osu-uwrt/development/software/src/mercury_autonomy/install/mercury_autonomy/lib/mercury_autonomy/tree_executor
[11.100s] -- Up-to-date: /home/bobdobchob/osu-uwrt/development/software/src/mercury_autonomy/install/mercury_autonomy/lib/libmercury_autonomy_core.so
[11.100s] -- Installing: /home/bobdobchob/osu-uwrt/development/software/src/mercury_autonomy/install/mercury_autonomy/lib/libmercury_bt_actions.so
[11.112s] -- Set runtime path of "/home/bobdobchob/osu-uwrt/development/software/src/mercury_autonomy/install/mercury_autonomy/lib/libmercury_bt_actions.so" to ""
[11.113s] -- Up-to-date: /home/bobdobchob/osu-uwrt/development/software/src/mercury_autonomy/install/mercury_autonomy/lib/libmercury_bt_conditions.so
[11.113s] -- Up-to-date: /home/bobdobchob/osu-uwrt/development/software/src/mercury_autonomy/install/mercury_autonomy/lib/libmercury_bt_decorators.so
[11.113s] -- Up-to-date: /home/bobdobchob/osu-uwrt/development/software/src/mercury_autonomy/install/mercury_autonomy/include
[11.113s] -- Up-to-date: /home/bobdobchob/osu-uwrt/development/software/src/mercury_autonomy/install/mercury_autonomy/include/mercury_autonomy
[11.113s] -- Installing: /home/bobdobchob/osu-uwrt/development/software/src/mercury_autonomy/install/mercury_autonomy/include/mercury_autonomy/autonomy_lib.hpp
[11.113s] -- Installing: /home/bobdobchob/osu-uwrt/development/software/src/mercury_autonomy/install/mercury_autonomy/include/mercury_autonomy/autonomy_base.hpp
[11.113s] -- Up-to-date: /home/bobdobchob/osu-uwrt/development/software/src/mercury_autonomy/install/mercury_autonomy/include/mercury_autonomy/bt_conditions
[11.113s] -- Installing: /home/bobdobchob/osu-uwrt/development/software/src/mercury_autonomy/install/mercury_autonomy/include/mercury_autonomy/bt_conditions/example_condition.hpp
[11.113s] -- Installing: /home/bobdobchob/osu-uwrt/development/software/src/mercury_autonomy/install/mercury_autonomy/include/mercury_autonomy/bt_conditions/approx_equal_to.hpp
[11.113s] -- Installing: /home/bobdobchob/osu-uwrt/development/software/src/mercury_autonomy/install/mercury_autonomy/include/mercury_autonomy/bt_conditions/approx_equal_to_angle.hpp
[11.113s] -- Installing: /home/bobdobchob/osu-uwrt/development/software/src/mercury_autonomy/install/mercury_autonomy/include/mercury_autonomy/bt_conditions/is_true.hpp
[11.113s] -- Installing: /home/bobdobchob/osu-uwrt/development/software/src/mercury_autonomy/install/mercury_autonomy/include/mercury_autonomy/bt_conditions/compare_nums.hpp
[11.113s] -- Up-to-date: /home/bobdobchob/osu-uwrt/development/software/src/mercury_autonomy/install/mercury_autonomy/include/mercury_autonomy/bt_actions
[11.113s] -- Installing: /home/bobdobchob/osu-uwrt/development/software/src/mercury_autonomy/install/mercury_autonomy/include/mercury_autonomy/bt_actions/compute_frame_alignment.hpp
[11.113s] -- Installing: /home/bobdobchob/osu-uwrt/development/software/src/mercury_autonomy/install/mercury_autonomy/include/mercury_autonomy/bt_actions/get_odometry.hpp
[11.113s] -- Installing: /home/bobdobchob/osu-uwrt/development/software/src/mercury_autonomy/install/mercury_autonomy/include/mercury_autonomy/bt_actions/publish_twist.hpp
[11.113s] -- Installing: /home/bobdobchob/osu-uwrt/development/software/src/mercury_autonomy/install/mercury_autonomy/include/mercury_autonomy/bt_actions/get_bool_topic.hpp
[11.113s] -- Installing: /home/bobdobchob/osu-uwrt/development/software/src/mercury_autonomy/install/mercury_autonomy/include/mercury_autonomy/bt_actions/call_trigger_service.hpp
[11.113s] -- Installing: /home/bobdobchob/osu-uwrt/development/software/src/mercury_autonomy/install/mercury_autonomy/include/mercury_autonomy/bt_actions/publish_bool.hpp
[11.113s] -- Installing: /home/bobdobchob/osu-uwrt/development/software/src/mercury_autonomy/install/mercury_autonomy/include/mercury_autonomy/bt_actions/get_mapping_state.hpp
[11.113s] -- Installing: /home/bobdobchob/osu-uwrt/development/software/src/mercury_autonomy/install/mercury_autonomy/include/mercury_autonomy/bt_actions/wait.hpp
[11.113s] -- Installing: /home/bobdobchob/osu-uwrt/development/software/src/mercury_autonomy/install/mercury_autonomy/include/mercury_autonomy/bt_actions/get_twist_topic.hpp
[11.113s] -- Installing: /home/bobdobchob/osu-uwrt/development/software/src/mercury_autonomy/install/mercury_autonomy/include/mercury_autonomy/bt_actions/call_set_bool_service.hpp
[11.113s] -- Installing: /home/bobdobchob/osu-uwrt/development/software/src/mercury_autonomy/install/mercury_autonomy/include/mercury_autonomy/bt_actions/get_imu_orientation.hpp
[11.113s] -- Installing: /home/bobdobchob/osu-uwrt/development/software/src/mercury_autonomy/install/mercury_autonomy/include/mercury_autonomy/bt_actions/set_status.hpp
[11.114s] -- Installing: /home/bobdobchob/osu-uwrt/development/software/src/mercury_autonomy/install/mercury_autonomy/include/mercury_autonomy/bt_actions/transform_pose.hpp
[11.114s] -- Installing: /home/bobdobchob/osu-uwrt/development/software/src/mercury_autonomy/install/mercury_autonomy/include/mercury_autonomy/bt_actions/publish_to_controller.hpp
[11.114s] -- Installing: /home/bobdobchob/osu-uwrt/development/software/src/mercury_autonomy/install/mercury_autonomy/include/mercury_autonomy/bt_actions/wait_for_detection.hpp
[11.114s] -- Installing: /home/bobdobchob/osu-uwrt/development/software/src/mercury_autonomy/install/mercury_autonomy/include/mercury_autonomy/bt_actions/get_covariance.hpp
[11.114s] -- Installing: /home/bobdobchob/osu-uwrt/development/software/src/mercury_autonomy/install/mercury_autonomy/include/mercury_autonomy/bt_actions/get_float_topic.hpp
[11.114s] -- Installing: /home/bobdobchob/osu-uwrt/development/software/src/mercury_autonomy/install/mercury_autonomy/include/mercury_autonomy/bt_actions/publish_int8.hpp
[11.114s] -- Installing: /home/bobdobchob/osu-uwrt/development/software/src/mercury_autonomy/install/mercury_autonomy/include/mercury_autonomy/bt_actions/set_mapping_target.hpp
[11.114s] -- Installing: /home/bobdobchob/osu-uwrt/development/software/src/mercury_autonomy/install/mercury_autonomy/include/mercury_autonomy/bt_actions/example_action.hpp
[11.114s] -- Installing: /home/bobdobchob/osu-uwrt/development/software/src/mercury_autonomy/install/mercury_autonomy/include/mercury_autonomy/bt_actions/publish_ekf_pose.hpp
[11.114s] -- Installing: /home/bobdobchob/osu-uwrt/development/software/src/mercury_autonomy/install/mercury_autonomy/include/mercury_autonomy/mercury_bt_node.hpp
[11.114s] -- Up-to-date: /home/bobdobchob/osu-uwrt/development/software/src/mercury_autonomy/install/mercury_autonomy/include/mercury_autonomy/bt_decorators
[11.114s] -- Installing: /home/bobdobchob/osu-uwrt/development/software/src/mercury_autonomy/install/mercury_autonomy/include/mercury_autonomy/bt_decorators/example_decorator.hpp
[11.114s] -- Installing: /home/bobdobchob/osu-uwrt/development/software/src/mercury_autonomy/install/mercury_autonomy/include/mercury_autonomy/bt_decorators/retry_until_successful_or_timeout.hpp
[11.114s] -- Installing: /home/bobdobchob/osu-uwrt/development/software/src/mercury_autonomy/install/mercury_autonomy/include/mercury_autonomy/autonomy_util.hpp
[11.114s] -- Up-to-date: /home/bobdobchob/osu-uwrt/development/software/src/mercury_autonomy/install/mercury_autonomy/share/mercury_autonomy/trees
[11.114s] -- Installing: /home/bobdobchob/osu-uwrt/development/software/src/mercury_autonomy/install/mercury_autonomy/share/mercury_autonomy/trees/action_server_demo.xml
[11.114s] -- Installing: /home/bobdobchob/osu-uwrt/development/software/src/mercury_autonomy/install/mercury_autonomy/share/mercury_autonomy/trees/example_tree.xml
[11.114s] -- Up-to-date: /home/bobdobchob/osu-uwrt/development/software/src/mercury_autonomy/install/mercury_autonomy/share/mercury_autonomy/launch
[11.114s] -- Installing: /home/bobdobchob/osu-uwrt/development/software/src/mercury_autonomy/install/mercury_autonomy/share/mercury_autonomy/launch/autonomy.launch.py
[11.114s] -- Installing: /home/bobdobchob/osu-uwrt/development/software/src/mercury_autonomy/install/mercury_autonomy/share/ament_index/resource_index/package_run_dependencies/mercury_autonomy
[11.114s] -- Installing: /home/bobdobchob/osu-uwrt/development/software/src/mercury_autonomy/install/mercury_autonomy/share/ament_index/resource_index/parent_prefix_path/mercury_autonomy
[11.114s] -- Installing: /home/bobdobchob/osu-uwrt/development/software/src/mercury_autonomy/install/mercury_autonomy/share/mercury_autonomy/environment/ament_prefix_path.sh
[11.114s] -- Installing: /home/bobdobchob/osu-uwrt/development/software/src/mercury_autonomy/install/mercury_autonomy/share/mercury_autonomy/environment/ament_prefix_path.dsv
[11.114s] -- Installing: /home/bobdobchob/osu-uwrt/development/software/src/mercury_autonomy/install/mercury_autonomy/share/mercury_autonomy/environment/path.sh
[11.114s] -- Installing: /home/bobdobchob/osu-uwrt/development/software/src/mercury_autonomy/install/mercury_autonomy/share/mercury_autonomy/environment/path.dsv
[11.114s] -- Installing: /home/bobdobchob/osu-uwrt/development/software/src/mercury_autonomy/install/mercury_autonomy/share/mercury_autonomy/local_setup.bash
[11.115s] -- Installing: /home/bobdobchob/osu-uwrt/development/software/src/mercury_autonomy/install/mercury_autonomy/share/mercury_autonomy/local_setup.sh
[11.115s] -- Installing: /home/bobdobchob/osu-uwrt/development/software/src/mercury_autonomy/install/mercury_autonomy/share/mercury_autonomy/local_setup.zsh
[11.115s] -- Installing: /home/bobdobchob/osu-uwrt/development/software/src/mercury_autonomy/install/mercury_autonomy/share/mercury_autonomy/local_setup.dsv
[11.115s] -- Installing: /home/bobdobchob/osu-uwrt/development/software/src/mercury_autonomy/install/mercury_autonomy/share/mercury_autonomy/package.dsv
[11.115s] -- Installing: /home/bobdobchob/osu-uwrt/development/software/src/mercury_autonomy/install/mercury_autonomy/share/ament_index/resource_index/packages/mercury_autonomy
[11.115s] -- Installing: /home/bobdobchob/osu-uwrt/development/software/src/mercury_autonomy/install/mercury_autonomy/share/mercury_autonomy/cmake/mercury_autonomyConfig.cmake
[11.115s] -- Installing: /home/bobdobchob/osu-uwrt/development/software/src/mercury_autonomy/install/mercury_autonomy/share/mercury_autonomy/cmake/mercury_autonomyConfig-version.cmake
[11.115s] -- Up-to-date: /home/bobdobchob/osu-uwrt/development/software/src/mercury_autonomy/install/mercury_autonomy/share/mercury_autonomy/package.xml
[11.116s] Invoked command in '/home/bobdobchob/osu-uwrt/development/software/src/mercury_autonomy/build/mercury_autonomy' returned '0': CMAKE_PREFIX_PATH=${CMAKE_PREFIX_PATH}:/home/bobdobchob/osu-uwrt/development/software/install/mercury_launch:/home/bobdobchob/osu-uwrt/development/software/install/riptide_bringup2:/home/bobdobchob/osu-uwrt/development/software/install/remote_launch:/home/bobdobchob/osu-uwrt/development/software/src/install/riptide_bringup2:/home/bobdobchob/osu-uwrt/development/software/src/install/remote_launch:/opt/ros/humble /usr/bin/cmake --install /home/bobdobchob/osu-uwrt/development/software/src/mercury_autonomy/build/mercury_autonomy
